
> hemaprin-homes@1.0.0 build
> vite build

[36mvite v5.4.21 [32mbuilding for production...[36m[39m
transforming...

A PostCSS plugin did not pass the `from` option to `postcss.parse`. This may cause imported assets to be incorrectly transformed. If you've recently added a PostCSS plugin that raised this warning, please contact the package author to fix the issue.
[32m✓[39m 1709 modules transformed.
rendering chunks...
computing gzip size...
[2m../dist/[22m[32mindex.html                 [39m[1m[2m  1.82 kB[22m[1m[22m[2m │ gzip:   0.66 kB[22m
[2m../dist/[22m[35massets/index-C5-aUN2t.css  [39m[1m[2m 61.36 kB[22m[1m[22m[2m │ gzip:  10.65 kB[22m
[2m../dist/[22m[36massets/form-BJl8GtOb.js    [39m[1m[2m 30.63 kB[22m[1m[22m[2m │ gzip:  11.33 kB[22m[2m │ map:   200.62 kB[22m
[2m../dist/[22m[36massets/query-QKZgxLZh.js   [39m[1m[2m 41.63 kB[22m[1m[22m[2m │ gzip:  12.58 kB[22m[2m │ map:   151.07 kB[22m
[2m../dist/[22m[36massets/icons-DrpdxB3S.js   [39m[1m[2m 46.23 kB[22m[1m[22m[2m │ gzip:   8.70 kB[22m[2m │ map:   112.11 kB[22m
[2m../dist/[22m[36massets/axios-BCn5QfZZ.js   [39m[1m[2m 51.49 kB[22m[1m[22m[2m │ gzip:  19.53 kB[22m[2m │ map:   260.84 kB[22m
[2m../dist/[22m[36massets/vendor-YUPtL6o7.js  [39m[1m[2m164.50 kB[22m[1m[22m[2m │ gzip:  53.69 kB[22m[2m │ map:   707.63 kB[22m
[2m../dist/[22m[36massets/index-CDOuH23V.js   [39m[1m[33m632.72 kB[39m[22m[2m │ gzip: 122.85 kB[22m[2m │ map: 1,667.31 kB[22m
[33m
(!) Some chunks are larger than 500 kB after minification. Consider:
- Using dynamic import() to code-split the application
- Use build.rollupOptions.output.manualChunks to improve chunking: https://rollupjs.org/configuration-options/#output-manualchunks
- Adjust chunk size limit for this warning via build.chunkSizeWarningLimit.[39m
[32m✓ built in 19.49s[39m
Wrote dist/.htaccess for base "/homes/" with PWA headers
Successfully synced build artifacts to root folder
